instrumentation_point, invariants
loopinvariant, dividend>divisor